[INFO] Scanning for projects...
[INFO] 
[INFO] -----------------------< com.driver:bookMyShow >------------------------
[INFO] Building bookMyShow 0.0.1-SNAPSHOT
[INFO]   from pom.xml
[INFO] --------------------------------[ jar ]---------------------------------
[INFO] 
[INFO] >>> spring-boot:3.1.0:run (default-cli) > test-compile @ bookMyShow >>>
[INFO] 
[INFO] --- resources:3.3.1:resources (default-resources) @ bookMyShow ---
[INFO] Copying 1 resource from src/main/resources to target/classes
[INFO] Copying 1 resource from src/main/resources to target/classes
[INFO] 
[INFO] --- compiler:3.11.0:compile (default-compile) @ bookMyShow ---
[INFO] Nothing to compile - all classes are up to date
[INFO] 
[INFO] --- resources:3.3.1:testResources (default-testResources) @ bookMyShow ---
[INFO] skip non existing resourceDirectory /Users/vineettiwari/Downloads/bookmyshow/Book-My-Show/src/test/resources
[INFO] 
[INFO] --- compiler:3.11.0:testCompile (default-testCompile) @ bookMyShow ---
[INFO] Changes detected - recompiling the module! :source
[INFO] Compiling 2 source files with javac [debug release 17] to target/test-classes
[INFO] 
[INFO] <<< spring-boot:3.1.0:run (default-cli) < test-compile @ bookMyShow <<<
[INFO] 
[INFO] 
[INFO] --- spring-boot:3.1.0:run (default-cli) @ bookMyShow ---
[INFO] Attaching agents: []

  .   ____          _            __ _ _
 /\\ / ___'_ __ _ _(_)_ __  __ _ \ \ \ \
( ( )\___ | '_ | '_| | '_ \/ _` | \ \ \ \
 \\/  ___)| |_)| | | | | || (_| |  ) ) ) )
  '  |____| .__|_| |_|_| |_\__, | / / / /
 =========|_|==============|___/=/_/_/_/
[32m :: Spring Boot :: [39m              [2m (v3.1.0)[0;39m

[2m2026-01-07T11:38:20.331+05:30[0;39m [32m INFO[0;39m [35m13813[0;39m [2m---[0;39m [2m[           main][0;39m [36mc.d.bookMyShow.BookMyShowApplication    [0;39m [2m:[0;39m Starting BookMyShowApplication using Java 23.0.1 with PID 13813 (/Users/vineettiwari/Downloads/bookmyshow/Book-My-Show/target/classes started by vineettiwari in /Users/vineettiwari/Downloads/bookmyshow/Book-My-Show)
[2m2026-01-07T11:38:20.333+05:30[0;39m [32m INFO[0;39m [35m13813[0;39m [2m---[0;39m [2m[           main][0;39m [36mc.d.bookMyShow.BookMyShowApplication    [0;39m [2m:[0;39m No active profile set, falling back to 1 default profile: "default"
[2m2026-01-07T11:38:20.667+05:30[0;39m [32m INFO[0;39m [35m13813[0;39m [2m---[0;39m [2m[           main][0;39m [36m.s.d.r.c.RepositoryConfigurationDelegate[0;39m [2m:[0;39m Bootstrapping Spring Data JPA repositories in DEFAULT mode.
[2m2026-01-07T11:38:20.710+05:30[0;39m [32m INFO[0;39m [35m13813[0;39m [2m---[0;39m [2m[           main][0;39m [36m.s.d.r.c.RepositoryConfigurationDelegate[0;39m [2m:[0;39m Finished Spring Data repository scanning in 40 ms. Found 19 JPA repository interfaces.
[2m2026-01-07T11:38:20.975+05:30[0;39m [32m INFO[0;39m [35m13813[0;39m [2m---[0;39m [2m[           main][0;39m [36mo.s.b.w.embedded.tomcat.TomcatWebServer [0;39m [2m:[0;39m Tomcat initialized with port(s): 8080 (http)
[2m2026-01-07T11:38:20.979+05:30[0;39m [32m INFO[0;39m [35m13813[0;39m [2m---[0;39m [2m[           main][0;39m [36mo.apache.catalina.core.StandardService  [0;39m [2m:[0;39m Starting service [Tomcat]
[2m2026-01-07T11:38:20.979+05:30[0;39m [32m INFO[0;39m [35m13813[0;39m [2m---[0;39m [2m[           main][0;39m [36mo.apache.catalina.core.StandardEngine   [0;39m [2m:[0;39m Starting Servlet engine: [Apache Tomcat/10.1.8]
[2m2026-01-07T11:38:21.023+05:30[0;39m [32m INFO[0;39m [35m13813[0;39m [2m---[0;39m [2m[           main][0;39m [36mo.a.c.c.C.[Tomcat].[localhost].[/]      [0;39m [2m:[0;39m Initializing Spring embedded WebApplicationContext
[2m2026-01-07T11:38:21.024+05:30[0;39m [32m INFO[0;39m [35m13813[0;39m [2m---[0;39m [2m[           main][0;39m [36mw.s.c.ServletWebServerApplicationContext[0;39m [2m:[0;39m Root WebApplicationContext: initialization completed in 665 ms
[2m2026-01-07T11:38:21.111+05:30[0;39m [32m INFO[0;39m [35m13813[0;39m [2m---[0;39m [2m[           main][0;39m [36mo.hibernate.jpa.internal.util.LogHelper [0;39m [2m:[0;39m HHH000204: Processing PersistenceUnitInfo [name: default]
[2m2026-01-07T11:38:21.132+05:30[0;39m [32m INFO[0;39m [35m13813[0;39m [2m---[0;39m [2m[           main][0;39m [36morg.hibernate.Version                   [0;39m [2m:[0;39m HHH000412: Hibernate ORM core version 6.2.2.Final
[2m2026-01-07T11:38:21.133+05:30[0;39m [32m INFO[0;39m [35m13813[0;39m [2m---[0;39m [2m[           main][0;39m [36morg.hibernate.cfg.Environment           [0;39m [2m:[0;39m HHH000406: Using bytecode reflection optimizer
[2m2026-01-07T11:38:21.212+05:30[0;39m [32m INFO[0;39m [35m13813[0;39m [2m---[0;39m [2m[           main][0;39m [36mo.h.b.i.BytecodeProviderInitiator       [0;39m [2m:[0;39m HHH000021: Bytecode provider name : bytebuddy
[2m2026-01-07T11:38:21.276+05:30[0;39m [32m INFO[0;39m [35m13813[0;39m [2m---[0;39m [2m[           main][0;39m [36mo.s.o.j.p.SpringPersistenceUnitInfo     [0;39m [2m:[0;39m No LoadTimeWeaver setup: ignoring JPA class transformer
[2m2026-01-07T11:38:21.282+05:30[0;39m [32m INFO[0;39m [35m13813[0;39m [2m---[0;39m [2m[           main][0;39m [36mcom.zaxxer.hikari.HikariDataSource      [0;39m [2m:[0;39m HikariPool-1 - Starting...
[2m2026-01-07T11:38:21.368+05:30[0;39m [32m INFO[0;39m [35m13813[0;39m [2m---[0;39m [2m[           main][0;39m [36mcom.zaxxer.hikari.pool.HikariPool       [0;39m [2m:[0;39m HikariPool-1 - Added connection com.mysql.cj.jdbc.ConnectionImpl@20864cd1
[2m2026-01-07T11:38:21.369+05:30[0;39m [32m INFO[0;39m [35m13813[0;39m [2m---[0;39m [2m[           main][0;39m [36mcom.zaxxer.hikari.HikariDataSource      [0;39m [2m:[0;39m HikariPool-1 - Start completed.
[2m2026-01-07T11:38:21.394+05:30[0;39m [32m INFO[0;39m [35m13813[0;39m [2m---[0;39m [2m[           main][0;39m [36morg.hibernate.orm.dialect               [0;39m [2m:[0;39m HHH035001: Using dialect: org.hibernate.dialect.MySQLDialect, version: 9.5
[2m2026-01-07T11:38:21.511+05:30[0;39m [32m INFO[0;39m [35m13813[0;39m [2m---[0;39m [2m[           main][0;39m [36mo.h.b.i.BytecodeProviderInitiator       [0;39m [2m:[0;39m HHH000021: Bytecode provider name : bytebuddy
[2m2026-01-07T11:38:21.938+05:30[0;39m [32m INFO[0;39m [35m13813[0;39m [2m---[0;39m [2m[           main][0;39m [36mo.h.e.t.j.p.i.JtaPlatformInitiator      [0;39m [2m:[0;39m HHH000490: Using JtaPlatform implementation: [org.hibernate.engine.transaction.jta.platform.internal.NoJtaPlatform]
Hibernate: 
    alter table food_orders 
       modify column created_at  datetime(6)
Hibernate: 
    alter table food_orders 
       modify column delivered_at  datetime(6)
Hibernate: 
    alter table food_orders 
       modify column status  enum ('CANCELLED','CONFIRMED','DELIVERED','PENDING','PREPARING') not null
Hibernate: 
    alter table food_orders 
       modify column updated_at  datetime(6)
Hibernate: 
    alter table movies 
       modify column created_at  datetime(6)
Hibernate: 
    alter table movies 
       modify column genre  enum ('ACTION','ANIMATION','COMEDY','DRAMA','HISTORICAL','ROMANTIC','SOCIAL','SPORTS','THRILLER','WAR')
Hibernate: 
    alter table movies 
       modify column language  enum ('ENGLISH','HINDI','KANNADA','MARATHI','PUNJAB','TAMIL','TELUGU')
Hibernate: 
    alter table movies 
       modify column rating  float(53)
Hibernate: 
    alter table movies 
       modify column updated_at  datetime(6)
Hibernate: 
    alter table parking_lots 
       modify column created_at  datetime(6)
Hibernate: 
    alter table parking_slots 
       modify column vehicle_type  enum ('EV','FOUR_WHEELER','TWO_WHEELER') not null
Hibernate: 
    alter table parking_tickets 
       modify column created_at  datetime(6)
Hibernate: 
    alter table parking_tickets 
       modify column entry_time  datetime(6) not null
Hibernate: 
    alter table parking_tickets 
       modify column exit_time  datetime(6)
Hibernate: 
    alter table parking_tickets 
       modify column status  enum ('ACTIVE','BOOKED','CANCELLED','COMPLETED') not null
Hibernate: 
    alter table parking_tickets 
       modify column updated_at  datetime(6)
Hibernate: 
    alter table parking_tickets 
       modify column vehicle_type  enum ('EV','FOUR_WHEELER','TWO_WHEELER') not null
Hibernate: 
    alter table payment_addons 
       modify column addon_type  enum ('FOOD_BEVERAGE','PARKING') not null
Hibernate: 
    alter table payment_addons 
       modify column amount  float(53) not null
Hibernate: 
    alter table payment_addons 
       modify column created_at  datetime(6)
Hibernate: 
    alter table payment_addons 
       modify column status  enum ('CANCELLED','CONFIRMED','FAILED','SELECTED') not null
Hibernate: 
    alter table payment_addons 
       modify column updated_at  datetime(6)
Hibernate: 
    alter table payments 
       modify column base_amount  float(53) not null
Hibernate: 
    alter table payments 
       modify column completed_at  datetime(6)
Hibernate: 
    alter table payments 
       modify column convenience_fee  float(53) not null
Hibernate: 
    alter table payments 
       modify column created_at  datetime(6)
Hibernate: 
    alter table payments 
       modify column discount_amount  float(53)
Hibernate: 
    alter table payments 
       modify column payment_method  enum ('CASH','CREDIT_CARD','DEBIT_CARD','NET_BANKING','UPI','WALLET') not null
Hibernate: 
    alter table payments 
       modify column refund_amount  float(53)
Hibernate: 
    alter table payments 
       modify column refunded_at  datetime(6)
Hibernate: 
    alter table payments 
       modify column status  enum ('CANCELLED','FAILED','PENDING','PROCESSING','REFUNDED','SUCCESS') not null
Hibernate: 
    alter table payments 
       modify column tax  float(53) not null
Hibernate: 
    alter table payments 
       modify column total_amount  float(53) not null
Hibernate: 
    alter table payments 
       modify column updated_at  datetime(6)
Hibernate: 
    alter table receipts 
       modify column amount  float(53)
Hibernate: 
    alter table receipts 
       modify column generated_at  datetime(6)
Hibernate: 
    alter table receipts 
       modify column qr_code_data  TEXT
Hibernate: 
    alter table receipts 
       modify column qr_expiry_time  datetime(6)
Hibernate: 
    alter table receipts 
       modify column qr_payload  TEXT
Hibernate: 
    alter table receipts 
       modify column receipt_type  enum ('FOOD','PARKING','TICKET') not null
Hibernate: 
    alter table receipts 
       modify column status  enum ('DELIVERED','FAILED','GENERATED','PENDING') not null
Hibernate: 
    alter table receipts 
       modify column updated_at  datetime(6)
Hibernate: 
    alter table refund_rules 
       modify column created_at  datetime(6)
Hibernate: 
    alter table refund_rules 
       modify column updated_at  datetime(6)
Hibernate: 
    alter table seat_locks 
       modify column created_at  datetime(6)
Hibernate: 
    alter table seat_locks 
       modify column expiry_time  datetime(6) not null
Hibernate: 
    alter table seat_locks 
       modify column lock_time  datetime(6) not null
Hibernate: 
    alter table seat_locks 
       modify column status  enum ('CONFIRMED','LOCKED','RELEASED') not null
Hibernate: 
    alter table seat_locks 
       modify column updated_at  datetime(6)
Hibernate: 
    alter table show_seats 
       modify column seat_type  enum ('CLASSIC','COUPLE','GOLD','PREMIUM','SILVER') not null
Hibernate: 
    alter table shows 
       modify column created_at  datetime(6)
Hibernate: 
    alter table shows 
       modify column time  time(6) not null
Hibernate: 
    alter table static_pages 
       modify column content  TEXT not null
Hibernate: 
    alter table static_pages 
       modify column created_at  datetime(6)
Hibernate: 
    alter table static_pages 
       modify column updated_at  datetime(6)
Hibernate: 
    alter table theater_seats 
       modify column seat_type  enum ('CLASSIC','COUPLE','GOLD','PREMIUM','SILVER') not null
Hibernate: 
    alter table theaters 
       modify column created_at  datetime(6)
Hibernate: 
    alter table tickets 
       modify column booked_at  datetime(6)
Hibernate: 
    alter table tickets 
       modify column qr_code_data  TEXT
Hibernate: 
    alter table tickets 
       modify column qr_expiry_time  datetime(6)
Hibernate: 
    alter table tickets 
       modify column qr_payload  TEXT
Hibernate: 
    alter table users 
       modify column created_at  datetime(6)
Hibernate: 
    alter table users 
       modify column gender  enum ('FEMALE','MALE','OTHER')
Hibernate: 
    alter table users 
       modify column role  enum ('ADMIN','THEATER_OWNER','USER') not null
Hibernate: 
    alter table users 
       modify column updated_at  datetime(6)
Hibernate: 
    alter table users 
       modify column wallet_balance  float(53) not null
Hibernate: 
    alter table wallet_transactions 
       modify column amount  float(53) not null
Hibernate: 
    alter table wallet_transactions 
       modify column balance_after  float(53) not null
Hibernate: 
    alter table wallet_transactions 
       modify column balance_before  float(53) not null
Hibernate: 
    alter table wallet_transactions 
       modify column created_at  datetime(6) not null
Hibernate: 
    alter table wallet_transactions 
       modify column transaction_type  enum ('CREDIT','DEBIT','REFUND') not null
[2m2026-01-07T11:38:22.312+05:30[0;39m [32m INFO[0;39m [35m13813[0;39m [2m---[0;39m [2m[           main][0;39m [36mj.LocalContainerEntityManagerFactoryBean[0;39m [2m:[0;39m Initialized JPA EntityManagerFactory for persistence unit 'default'
[2m2026-01-07T11:38:22.548+05:30[0;39m [32m INFO[0;39m [35m13813[0;39m [2m---[0;39m [2m[           main][0;39m [36mo.s.d.j.r.query.QueryEnhancerFactory    [0;39m [2m:[0;39m Hibernate is in classpath; If applicable, HQL parser will be used.
[2m2026-01-07T11:38:23.285+05:30[0;39m [33m WARN[0;39m [35m13813[0;39m [2m---[0;39m [2m[           main][0;39m [36mJpaBaseConfiguration$JpaWebConfiguration[0;39m [2m:[0;39m spring.jpa.open-in-view is enabled by default. Therefore, database queries may be performed during view rendering. Explicitly configure spring.jpa.open-in-view to disable this warning
[2m2026-01-07T11:38:23.626+05:30[0;39m [32m INFO[0;39m [35m13813[0;39m [2m---[0;39m [2m[           main][0;39m [36mo.s.s.web.DefaultSecurityFilterChain    [0;39m [2m:[0;39m Will secure any request with [org.springframework.security.web.session.DisableEncodeUrlFilter@7efaa137, org.springframework.security.web.context.request.async.WebAsyncManagerIntegrationFilter@e08853d, org.springframework.security.web.context.SecurityContextHolderFilter@5911d6e, org.springframework.security.web.header.HeaderWriterFilter@61ac8777, org.springframework.security.web.authentication.logout.LogoutFilter@320d98f5, com.driver.bookMyShow.Security.JwtAuthenticationFilter@4e773b8a, org.springframework.security.web.savedrequest.RequestCacheAwareFilter@55bd9d1, org.springframework.security.web.servletapi.SecurityContextHolderAwareRequestFilter@a4f14c9, org.springframework.security.web.authentication.AnonymousAuthenticationFilter@3828f303, org.springframework.security.web.session.SessionManagementFilter@6d48f1c, org.springframework.security.web.access.ExceptionTranslationFilter@7b4f1512, org.springframework.security.web.access.intercept.AuthorizationFilter@1e4dc9fc]
[2m2026-01-07T11:38:23.792+05:30[0;39m [32m INFO[0;39m [35m13813[0;39m [2m---[0;39m [2m[           main][0;39m [36mo.s.b.w.embedded.tomcat.TomcatWebServer [0;39m [2m:[0;39m Tomcat started on port(s): 8080 (http) with context path ''
[2m2026-01-07T11:38:23.797+05:30[0;39m [32m INFO[0;39m [35m13813[0;39m [2m---[0;39m [2m[           main][0;39m [36mc.d.bookMyShow.BookMyShowApplication    [0;39m [2m:[0;39m Started BookMyShowApplication in 3.599 seconds (process running for 3.738)
Hibernate: 
    update
        seat_locks 
    set
        status='RELEASED' 
    where
        status='LOCKED' 
        and expiry_time<=?
Hibernate: 
    select
        count(*) 
    from
        movies m1_0
Hibernate: 
    select
        count(*) 
    from
        theaters t1_0
Hibernate: 
    select
        count(*) 
    from
        users u1_0
Hibernate: 
    select
        count(*) 
    from
        theater_seats t1_0
Hibernate: 
    select
        count(*) 
    from
        shows s1_0
Hibernate: 
    select
        count(*) 
    from
        show_seats s1_0
Hibernate: 
    select
        p1_0.id,
        p1_0.amount_paid,
        p1_0.created_at,
        p1_0.entry_time,
        p1_0.exit_time,
        p1_0.movie_ticket_id,
        p1_0.parking_slot_id,
        p1_0.status,
        p1_0.ticket_number,
        p1_0.updated_at,
        p1_0.vehicle_number,
        p1_0.vehicle_type 
    from
        parking_tickets p1_0 
    where
        p1_0.status=? 
        and p1_0.created_at<?
Hibernate: 
    select
        count(*) 
    from
        tickets t1_0
[2m2026-01-07T11:38:48.825+05:30[0;39m [32m INFO[0;39m [35m13813[0;39m [2m---[0;39m [2m[nio-8080-exec-1][0;39m [36mo.a.c.c.C.[Tomcat].[localhost].[/]      [0;39m [2m:[0;39m Initializing Spring DispatcherServlet 'dispatcherServlet'
[2m2026-01-07T11:38:48.825+05:30[0;39m [32m INFO[0;39m [35m13813[0;39m [2m---[0;39m [2m[nio-8080-exec-1][0;39m [36mo.s.web.servlet.DispatcherServlet       [0;39m [2m:[0;39m Initializing Servlet 'dispatcherServlet'
[2m2026-01-07T11:38:48.827+05:30[0;39m [32m INFO[0;39m [35m13813[0;39m [2m---[0;39m [2m[nio-8080-exec-1][0;39m [36mo.s.web.servlet.DispatcherServlet       [0;39m [2m:[0;39m Completed initialization in 2 ms
Hibernate: 
    select
        t1_0.id,
        t1_0.address,
        t1_0.city,
        t1_0.created_at,
        t1_0.name 
    from
        theaters t1_0
Hibernate: 
    select
        s1_0.show_id,
        s1_0.created_at,
        s1_0.date,
        s1_0.movie_id,
        s1_0.theater_id,
        s1_0.time 
    from
        shows s1_0
Hibernate: 
    select
        m1_0.id,
        m1_0.cast,
        m1_0.created_at,
        m1_0.description,
        m1_0.director,
        m1_0.duration,
        m1_0.genre,
        m1_0.language,
        m1_0.movie_name,
        m1_0.now_showing,
        m1_0.poster_url,
        m1_0.rating,
        m1_0.release_date,
        m1_0.trailer_url,
        m1_0.updated_at 
    from
        movies m1_0 
    where
        m1_0.id=?
Hibernate: 
    select
        m1_0.id,
        m1_0.cast,
        m1_0.created_at,
        m1_0.description,
        m1_0.director,
        m1_0.duration,
        m1_0.genre,
        m1_0.language,
        m1_0.movie_name,
        m1_0.now_showing,
        m1_0.poster_url,
        m1_0.rating,
        m1_0.release_date,
        m1_0.trailer_url,
        m1_0.updated_at 
    from
        movies m1_0 
    where
        m1_0.id=?
Hibernate: 
    select
        m1_0.id,
        m1_0.cast,
        m1_0.created_at,
        m1_0.description,
        m1_0.director,
        m1_0.duration,
        m1_0.genre,
        m1_0.language,
        m1_0.movie_name,
        m1_0.now_showing,
        m1_0.poster_url,
        m1_0.rating,
        m1_0.release_date,
        m1_0.trailer_url,
        m1_0.updated_at 
    from
        movies m1_0 
    where
        m1_0.id=?
Hibernate: 
    select
        m1_0.id,
        m1_0.cast,
        m1_0.created_at,
        m1_0.description,
        m1_0.director,
        m1_0.duration,
        m1_0.genre,
        m1_0.language,
        m1_0.movie_name,
        m1_0.now_showing,
        m1_0.poster_url,
        m1_0.rating,
        m1_0.release_date,
        m1_0.trailer_url,
        m1_0.updated_at 
    from
        movies m1_0 
    where
        m1_0.id=?
Hibernate: 
    select
        m1_0.id,
        m1_0.cast,
        m1_0.created_at,
        m1_0.description,
        m1_0.director,
        m1_0.duration,
        m1_0.genre,
        m1_0.language,
        m1_0.movie_name,
        m1_0.now_showing,
        m1_0.poster_url,
        m1_0.rating,
        m1_0.release_date,
        m1_0.trailer_url,
        m1_0.updated_at 
    from
        movies m1_0 
    where
        m1_0.id=?
Hibernate: 
    select
        m1_0.id,
        m1_0.cast,
        m1_0.created_at,
        m1_0.description,
        m1_0.director,
        m1_0.duration,
        m1_0.genre,
        m1_0.language,
        m1_0.movie_name,
        m1_0.now_showing,
        m1_0.poster_url,
        m1_0.rating,
        m1_0.release_date,
        m1_0.trailer_url,
        m1_0.updated_at 
    from
        movies m1_0 
    where
        m1_0.id=?
Hibernate: 
    select
        m1_0.id,
        m1_0.cast,
        m1_0.created_at,
        m1_0.description,
        m1_0.director,
        m1_0.duration,
        m1_0.genre,
        m1_0.language,
        m1_0.movie_name,
        m1_0.now_showing,
        m1_0.poster_url,
        m1_0.rating,
        m1_0.release_date,
        m1_0.trailer_url,
        m1_0.updated_at 
    from
        movies m1_0 
    where
        m1_0.id=?
Hibernate: 
    select
        m1_0.id,
        m1_0.cast,
        m1_0.created_at,
        m1_0.description,
        m1_0.director,
        m1_0.duration,
        m1_0.genre,
        m1_0.language,
        m1_0.movie_name,
        m1_0.now_showing,
        m1_0.poster_url,
        m1_0.rating,
        m1_0.release_date,
        m1_0.trailer_url,
        m1_0.updated_at 
    from
        movies m1_0 
    where
        m1_0.id=?
Hibernate: 
    select
        m1_0.id,
        m1_0.cast,
        m1_0.created_at,
        m1_0.description,
        m1_0.director,
        m1_0.duration,
        m1_0.genre,
        m1_0.language,
        m1_0.movie_name,
        m1_0.now_showing,
        m1_0.poster_url,
        m1_0.rating,
        m1_0.release_date,
        m1_0.trailer_url,
        m1_0.updated_at 
    from
        movies m1_0 
    where
        m1_0.id=?
Hibernate: 
    select
        m1_0.id,
        m1_0.cast,
        m1_0.created_at,
        m1_0.description,
        m1_0.director,
        m1_0.duration,
        m1_0.genre,
        m1_0.language,
        m1_0.movie_name,
        m1_0.now_showing,
        m1_0.poster_url,
        m1_0.rating,
        m1_0.release_date,
        m1_0.trailer_url,
        m1_0.updated_at 
    from
        movies m1_0 
    where
        m1_0.id=?
Hibernate: 
    select
        m1_0.id,
        m1_0.cast,
        m1_0.created_at,
        m1_0.description,
        m1_0.director,
        m1_0.duration,
        m1_0.genre,
        m1_0.language,
        m1_0.movie_name,
        m1_0.now_showing,
        m1_0.poster_url,
        m1_0.rating,
        m1_0.release_date,
        m1_0.trailer_url,
        m1_0.updated_at 
    from
        movies m1_0 
    where
        m1_0.id=?
Hibernate: 
    select
        m1_0.id,
        m1_0.cast,
        m1_0.created_at,
        m1_0.description,
        m1_0.director,
        m1_0.duration,
        m1_0.genre,
        m1_0.language,
        m1_0.movie_name,
        m1_0.now_showing,
        m1_0.poster_url,
        m1_0.rating,
        m1_0.release_date,
        m1_0.trailer_url,
        m1_0.updated_at 
    from
        movies m1_0 
    where
        m1_0.id=?
Hibernate: 
    select
        m1_0.id,
        m1_0.cast,
        m1_0.created_at,
        m1_0.description,
        m1_0.director,
        m1_0.duration,
        m1_0.genre,
        m1_0.language,
        m1_0.movie_name,
        m1_0.now_showing,
        m1_0.poster_url,
        m1_0.rating,
        m1_0.release_date,
        m1_0.trailer_url,
        m1_0.updated_at 
    from
        movies m1_0 
    where
        m1_0.id=?
Hibernate: 
    select
        m1_0.id,
        m1_0.cast,
        m1_0.created_at,
        m1_0.description,
        m1_0.director,
        m1_0.duration,
        m1_0.genre,
        m1_0.language,
        m1_0.movie_name,
        m1_0.now_showing,
        m1_0.poster_url,
        m1_0.rating,
        m1_0.release_date,
        m1_0.trailer_url,
        m1_0.updated_at 
    from
        movies m1_0 
    where
        m1_0.id=?
Hibernate: 
    select
        m1_0.id,
        m1_0.cast,
        m1_0.created_at,
        m1_0.description,
        m1_0.director,
        m1_0.duration,
        m1_0.genre,
        m1_0.language,
        m1_0.movie_name,
        m1_0.now_showing,
        m1_0.poster_url,
        m1_0.rating,
        m1_0.release_date,
        m1_0.trailer_url,
        m1_0.updated_at 
    from
        movies m1_0 
    where
        m1_0.id=?
Hibernate: 
    select
        m1_0.id,
        m1_0.cast,
        m1_0.created_at,
        m1_0.description,
        m1_0.director,
        m1_0.duration,
        m1_0.genre,
        m1_0.language,
        m1_0.movie_name,
        m1_0.now_showing,
        m1_0.poster_url,
        m1_0.rating,
        m1_0.release_date,
        m1_0.trailer_url,
        m1_0.updated_at 
    from
        movies m1_0 
    where
        m1_0.id=?
Hibernate: 
    select
        m1_0.id,
        m1_0.cast,
        m1_0.created_at,
        m1_0.description,
        m1_0.director,
        m1_0.duration,
        m1_0.genre,
        m1_0.language,
        m1_0.movie_name,
        m1_0.now_showing,
        m1_0.poster_url,
        m1_0.rating,
        m1_0.release_date,
        m1_0.trailer_url,
        m1_0.updated_at 
    from
        movies m1_0 
    where
        m1_0.id=?
Hibernate: 
    select
        m1_0.id,
        m1_0.cast,
        m1_0.created_at,
        m1_0.description,
        m1_0.director,
        m1_0.duration,
        m1_0.genre,
        m1_0.language,
        m1_0.movie_name,
        m1_0.now_showing,
        m1_0.poster_url,
        m1_0.rating,
        m1_0.release_date,
        m1_0.trailer_url,
        m1_0.updated_at 
    from
        movies m1_0 
    where
        m1_0.id=?
Hibernate: 
    select
        m1_0.id,
        m1_0.cast,
        m1_0.created_at,
        m1_0.description,
        m1_0.director,
        m1_0.duration,
        m1_0.genre,
        m1_0.language,
        m1_0.movie_name,
        m1_0.now_showing,
        m1_0.poster_url,
        m1_0.rating,
        m1_0.release_date,
        m1_0.trailer_url,
        m1_0.updated_at 
    from
        movies m1_0 
    where
        m1_0.id=?
Hibernate: 
    select
        m1_0.id,
        m1_0.cast,
        m1_0.created_at,
        m1_0.description,
        m1_0.director,
        m1_0.duration,
        m1_0.genre,
        m1_0.language,
        m1_0.movie_name,
        m1_0.now_showing,
        m1_0.poster_url,
        m1_0.rating,
        m1_0.release_date,
        m1_0.trailer_url,
        m1_0.updated_at 
    from
        movies m1_0 
    where
        m1_0.id=?
Hibernate: 
    select
        t1_0.id,
        t1_0.address,
        t1_0.city,
        t1_0.created_at,
        t1_0.name 
    from
        theaters t1_0
Hibernate: 
    select
        s1_0.show_id,
        s1_0.created_at,
        s1_0.date,
        s1_0.movie_id,
        s1_0.theater_id,
        s1_0.time 
    from
        shows s1_0
Hibernate: 
    select
        m1_0.id,
        m1_0.cast,
        m1_0.created_at,
        m1_0.description,
        m1_0.director,
        m1_0.duration,
        m1_0.genre,
        m1_0.language,
        m1_0.movie_name,
        m1_0.now_showing,
        m1_0.poster_url,
        m1_0.rating,
        m1_0.release_date,
        m1_0.trailer_url,
        m1_0.updated_at 
    from
        movies m1_0 
    where
        m1_0.id=?
Hibernate: 
    select
        m1_0.id,
        m1_0.cast,
        m1_0.created_at,
        m1_0.description,
        m1_0.director,
        m1_0.duration,
        m1_0.genre,
        m1_0.language,
        m1_0.movie_name,
        m1_0.now_showing,
        m1_0.poster_url,
        m1_0.rating,
        m1_0.release_date,
        m1_0.trailer_url,
        m1_0.updated_at 
    from
        movies m1_0 
    where
        m1_0.id=?
Hibernate: 
    select
        m1_0.id,
        m1_0.cast,
        m1_0.created_at,
        m1_0.description,
        m1_0.director,
        m1_0.duration,
        m1_0.genre,
        m1_0.language,
        m1_0.movie_name,
        m1_0.now_showing,
        m1_0.poster_url,
        m1_0.rating,
        m1_0.release_date,
        m1_0.trailer_url,
        m1_0.updated_at 
    from
        movies m1_0 
    where
        m1_0.id=?
Hibernate: 
    select
        m1_0.id,
        m1_0.cast,
        m1_0.created_at,
        m1_0.description,
        m1_0.director,
        m1_0.duration,
        m1_0.genre,
        m1_0.language,
        m1_0.movie_name,
        m1_0.now_showing,
        m1_0.poster_url,
        m1_0.rating,
        m1_0.release_date,
        m1_0.trailer_url,
        m1_0.updated_at 
    from
        movies m1_0 
    where
        m1_0.id=?
Hibernate: 
    select
        m1_0.id,
        m1_0.cast,
        m1_0.created_at,
        m1_0.description,
        m1_0.director,
        m1_0.duration,
        m1_0.genre,
        m1_0.language,
        m1_0.movie_name,
        m1_0.now_showing,
        m1_0.poster_url,
        m1_0.rating,
        m1_0.release_date,
        m1_0.trailer_url,
        m1_0.updated_at 
    from
        movies m1_0 
    where
        m1_0.id=?
Hibernate: 
    select
        m1_0.id,
        m1_0.cast,
        m1_0.created_at,
        m1_0.description,
        m1_0.director,
        m1_0.duration,
        m1_0.genre,
        m1_0.language,
        m1_0.movie_name,
        m1_0.now_showing,
        m1_0.poster_url,
        m1_0.rating,
        m1_0.release_date,
        m1_0.trailer_url,
        m1_0.updated_at 
    from
        movies m1_0 
    where
        m1_0.id=?
Hibernate: 
    select
        m1_0.id,
        m1_0.cast,
        m1_0.created_at,
        m1_0.description,
        m1_0.director,
        m1_0.duration,
        m1_0.genre,
        m1_0.language,
        m1_0.movie_name,
        m1_0.now_showing,
        m1_0.poster_url,
        m1_0.rating,
        m1_0.release_date,
        m1_0.trailer_url,
        m1_0.updated_at 
    from
        movies m1_0 
    where
        m1_0.id=?
Hibernate: 
    select
        m1_0.id,
        m1_0.cast,
        m1_0.created_at,
        m1_0.description,
        m1_0.director,
        m1_0.duration,
        m1_0.genre,
        m1_0.language,
        m1_0.movie_name,
        m1_0.now_showing,
        m1_0.poster_url,
        m1_0.rating,
        m1_0.release_date,
        m1_0.trailer_url,
        m1_0.updated_at 
    from
        movies m1_0 
    where
        m1_0.id=?
Hibernate: 
    select
        m1_0.id,
        m1_0.cast,
        m1_0.created_at,
        m1_0.description,
        m1_0.director,
        m1_0.duration,
        m1_0.genre,
        m1_0.language,
        m1_0.movie_name,
        m1_0.now_showing,
        m1_0.poster_url,
        m1_0.rating,
        m1_0.release_date,
        m1_0.trailer_url,
        m1_0.updated_at 
    from
        movies m1_0 
    where
        m1_0.id=?
Hibernate: 
    select
        m1_0.id,
        m1_0.cast,
        m1_0.created_at,
        m1_0.description,
        m1_0.director,
        m1_0.duration,
        m1_0.genre,
        m1_0.language,
        m1_0.movie_name,
        m1_0.now_showing,
        m1_0.poster_url,
        m1_0.rating,
        m1_0.release_date,
        m1_0.trailer_url,
        m1_0.updated_at 
    from
        movies m1_0 
    where
        m1_0.id=?
Hibernate: 
    select
        m1_0.id,
        m1_0.cast,
        m1_0.created_at,
        m1_0.description,
        m1_0.director,
        m1_0.duration,
        m1_0.genre,
        m1_0.language,
        m1_0.movie_name,
        m1_0.now_showing,
        m1_0.poster_url,
        m1_0.rating,
        m1_0.release_date,
        m1_0.trailer_url,
        m1_0.updated_at 
    from
        movies m1_0 
    where
        m1_0.id=?
Hibernate: 
    select
        m1_0.id,
        m1_0.cast,
        m1_0.created_at,
        m1_0.description,
        m1_0.director,
        m1_0.duration,
        m1_0.genre,
        m1_0.language,
        m1_0.movie_name,
        m1_0.now_showing,
        m1_0.poster_url,
        m1_0.rating,
        m1_0.release_date,
        m1_0.trailer_url,
        m1_0.updated_at 
    from
        movies m1_0 
    where
        m1_0.id=?
Hibernate: 
    select
        m1_0.id,
        m1_0.cast,
        m1_0.created_at,
        m1_0.description,
        m1_0.director,
        m1_0.duration,
        m1_0.genre,
        m1_0.language,
        m1_0.movie_name,
        m1_0.now_showing,
        m1_0.poster_url,
        m1_0.rating,
        m1_0.release_date,
        m1_0.trailer_url,
        m1_0.updated_at 
    from
        movies m1_0 
    where
        m1_0.id=?
Hibernate: 
    select
        m1_0.id,
        m1_0.cast,
        m1_0.created_at,
        m1_0.description,
        m1_0.director,
        m1_0.duration,
        m1_0.genre,
        m1_0.language,
        m1_0.movie_name,
        m1_0.now_showing,
        m1_0.poster_url,
        m1_0.rating,
        m1_0.release_date,
        m1_0.trailer_url,
        m1_0.updated_at 
    from
        movies m1_0 
    where
        m1_0.id=?
Hibernate: 
    select
        m1_0.id,
        m1_0.cast,
        m1_0.created_at,
        m1_0.description,
        m1_0.director,
        m1_0.duration,
        m1_0.genre,
        m1_0.language,
        m1_0.movie_name,
        m1_0.now_showing,
        m1_0.poster_url,
        m1_0.rating,
        m1_0.release_date,
        m1_0.trailer_url,
        m1_0.updated_at 
    from
        movies m1_0 
    where
        m1_0.id=?
Hibernate: 
    select
        m1_0.id,
        m1_0.cast,
        m1_0.created_at,
        m1_0.description,
        m1_0.director,
        m1_0.duration,
        m1_0.genre,
        m1_0.language,
        m1_0.movie_name,
        m1_0.now_showing,
        m1_0.poster_url,
        m1_0.rating,
        m1_0.release_date,
        m1_0.trailer_url,
        m1_0.updated_at 
    from
        movies m1_0 
    where
        m1_0.id=?
Hibernate: 
    select
        m1_0.id,
        m1_0.cast,
        m1_0.created_at,
        m1_0.description,
        m1_0.director,
        m1_0.duration,
        m1_0.genre,
        m1_0.language,
        m1_0.movie_name,
        m1_0.now_showing,
        m1_0.poster_url,
        m1_0.rating,
        m1_0.release_date,
        m1_0.trailer_url,
        m1_0.updated_at 
    from
        movies m1_0 
    where
        m1_0.id=?
Hibernate: 
    select
        m1_0.id,
        m1_0.cast,
        m1_0.created_at,
        m1_0.description,
        m1_0.director,
        m1_0.duration,
        m1_0.genre,
        m1_0.language,
        m1_0.movie_name,
        m1_0.now_showing,
        m1_0.poster_url,
        m1_0.rating,
        m1_0.release_date,
        m1_0.trailer_url,
        m1_0.updated_at 
    from
        movies m1_0 
    where
        m1_0.id=?
Hibernate: 
    select
        m1_0.id,
        m1_0.cast,
        m1_0.created_at,
        m1_0.description,
        m1_0.director,
        m1_0.duration,
        m1_0.genre,
        m1_0.language,
        m1_0.movie_name,
        m1_0.now_showing,
        m1_0.poster_url,
        m1_0.rating,
        m1_0.release_date,
        m1_0.trailer_url,
        m1_0.updated_at 
    from
        movies m1_0 
    where
        m1_0.id=?
Hibernate: 
    select
        m1_0.id,
        m1_0.cast,
        m1_0.created_at,
        m1_0.description,
        m1_0.director,
        m1_0.duration,
        m1_0.genre,
        m1_0.language,
        m1_0.movie_name,
        m1_0.now_showing,
        m1_0.poster_url,
        m1_0.rating,
        m1_0.release_date,
        m1_0.trailer_url,
        m1_0.updated_at 
    from
        movies m1_0 
    where
        m1_0.id=?
[2m2026-01-07T11:40:23.094+05:30[0;39m [31mERROR[0;39m [35m13813[0;39m [2m---[0;39m [2m[nio-8080-exec-8][0;39m [36mc.d.b.Security.JwtAuthenticationFilter  [0;39m [2m:[0;39m Error extracting username from JWT: JWT signature does not match locally computed signature. JWT validity cannot be asserted and should not be trusted.
[2m2026-01-07T11:40:23.094+05:30[0;39m [31mERROR[0;39m [35m13813[0;39m [2m---[0;39m [2m[nio-8080-exec-9][0;39m [36mc.d.b.Security.JwtAuthenticationFilter  [0;39m [2m:[0;39m Error extracting username from JWT: JWT signature does not match locally computed signature. JWT validity cannot be asserted and should not be trusted.
Hibernate: 
    select
        m1_0.id,
        m1_0.cast,
        m1_0.created_at,
        m1_0.description,
        m1_0.director,
        m1_0.duration,
        m1_0.genre,
        m1_0.language,
        m1_0.movie_name,
        m1_0.now_showing,
        m1_0.poster_url,
        m1_0.rating,
        m1_0.release_date,
        m1_0.trailer_url,
        m1_0.updated_at 
    from
        movies m1_0
Hibernate: 
    select
        t1_0.id,
        t1_0.address,
        t1_0.city,
        t1_0.created_at,
        t1_0.name 
    from
        theaters t1_0
Hibernate: 
    select
        s1_0.show_id,
        s1_0.created_at,
        s1_0.date,
        s1_0.movie_id,
        s1_0.theater_id,
        s1_0.time 
    from
        shows s1_0
Hibernate: 
    select
        m1_0.id,
        m1_0.cast,
        m1_0.created_at,
        m1_0.description,
        m1_0.director,
        m1_0.duration,
        m1_0.genre,
        m1_0.language,
        m1_0.movie_name,
        m1_0.now_showing,
        m1_0.poster_url,
        m1_0.rating,
        m1_0.release_date,
        m1_0.trailer_url,
        m1_0.updated_at 
    from
        movies m1_0 
    where
        m1_0.id=?
[2m2026-01-07T11:40:23.110+05:30[0;39m [31mERROR[0;39m [35m13813[0;39m [2m---[0;39m [2m[io-8080-exec-10][0;39m [36mc.d.b.Security.JwtAuthenticationFilter  [0;39m [2m:[0;39m Error extracting username from JWT: JWT signature does not match locally computed signature. JWT validity cannot be asserted and should not be trusted.
Hibernate: 
    select
        m1_0.id,
        m1_0.cast,
        m1_0.created_at,
        m1_0.description,
        m1_0.director,
        m1_0.duration,
        m1_0.genre,
        m1_0.language,
        m1_0.movie_name,
        m1_0.now_showing,
        m1_0.poster_url,
        m1_0.rating,
        m1_0.release_date,
        m1_0.trailer_url,
        m1_0.updated_at 
    from
        movies m1_0 
    where
        m1_0.id=?
Hibernate: 
    select
        m1_0.id,
        m1_0.cast,
        m1_0.created_at,
        m1_0.description,
        m1_0.director,
        m1_0.duration,
        m1_0.genre,
        m1_0.language,
        m1_0.movie_name,
        m1_0.now_showing,
        m1_0.poster_url,
        m1_0.rating,
        m1_0.release_date,
        m1_0.trailer_url,
        m1_0.updated_at 
    from
        movies m1_0 
    where
        m1_0.id=?
Hibernate: 
    select
        m1_0.id,
        m1_0.cast,
        m1_0.created_at,
        m1_0.description,
        m1_0.director,
        m1_0.duration,
        m1_0.genre,
        m1_0.language,
        m1_0.movie_name,
        m1_0.now_showing,
        m1_0.poster_url,
        m1_0.rating,
        m1_0.release_date,
        m1_0.trailer_url,
        m1_0.updated_at 
    from
        movies m1_0
Hibernate: 
    select
        m1_0.id,
        m1_0.cast,
        m1_0.created_at,
        m1_0.description,
        m1_0.director,
        m1_0.duration,
        m1_0.genre,
        m1_0.language,
        m1_0.movie_name,
        m1_0.now_showing,
        m1_0.poster_url,
        m1_0.rating,
        m1_0.release_date,
        m1_0.trailer_url,
        m1_0.updated_at 
    from
        movies m1_0 
    where
        m1_0.id=?
Hibernate: 
    select
        m1_0.id,
        m1_0.cast,
        m1_0.created_at,
        m1_0.description,
        m1_0.director,
        m1_0.duration,
        m1_0.genre,
        m1_0.language,
        m1_0.movie_name,
        m1_0.now_showing,
        m1_0.poster_url,
        m1_0.rating,
        m1_0.release_date,
        m1_0.trailer_url,
        m1_0.updated_at 
    from
        movies m1_0 
    where
        m1_0.id=?
Hibernate: 
    select
        m1_0.id,
        m1_0.cast,
        m1_0.created_at,
        m1_0.description,
        m1_0.director,
        m1_0.duration,
        m1_0.genre,
        m1_0.language,
        m1_0.movie_name,
        m1_0.now_showing,
        m1_0.poster_url,
        m1_0.rating,
        m1_0.release_date,
        m1_0.trailer_url,
        m1_0.updated_at 
    from
        movies m1_0 
    where
        m1_0.id=?
Hibernate: 
    select
        m1_0.id,
        m1_0.cast,
        m1_0.created_at,
        m1_0.description,
        m1_0.director,
        m1_0.duration,
        m1_0.genre,
        m1_0.language,
        m1_0.movie_name,
        m1_0.now_showing,
        m1_0.poster_url,
        m1_0.rating,
        m1_0.release_date,
        m1_0.trailer_url,
        m1_0.updated_at 
    from
        movies m1_0 
    where
        m1_0.id=?
Hibernate: 
    select
        m1_0.id,
        m1_0.cast,
        m1_0.created_at,
        m1_0.description,
        m1_0.director,
        m1_0.duration,
        m1_0.genre,
        m1_0.language,
        m1_0.movie_name,
        m1_0.now_showing,
        m1_0.poster_url,
        m1_0.rating,
        m1_0.release_date,
        m1_0.trailer_url,
        m1_0.updated_at 
    from
        movies m1_0 
    where
        m1_0.id=?
Hibernate: 
    select
        m1_0.id,
        m1_0.cast,
        m1_0.created_at,
        m1_0.description,
        m1_0.director,
        m1_0.duration,
        m1_0.genre,
        m1_0.language,
        m1_0.movie_name,
        m1_0.now_showing,
        m1_0.poster_url,
        m1_0.rating,
        m1_0.release_date,
        m1_0.trailer_url,
        m1_0.updated_at 
    from
        movies m1_0 
    where
        m1_0.id=?
Hibernate: 
    select
        m1_0.id,
        m1_0.cast,
        m1_0.created_at,
        m1_0.description,
        m1_0.director,
        m1_0.duration,
        m1_0.genre,
        m1_0.language,
        m1_0.movie_name,
        m1_0.now_showing,
        m1_0.poster_url,
        m1_0.rating,
        m1_0.release_date,
        m1_0.trailer_url,
        m1_0.updated_at 
    from
        movies m1_0 
    where
        m1_0.id=?
Hibernate: 
    select
        m1_0.id,
        m1_0.cast,
        m1_0.created_at,
        m1_0.description,
        m1_0.director,
        m1_0.duration,
        m1_0.genre,
        m1_0.language,
        m1_0.movie_name,
        m1_0.now_showing,
        m1_0.poster_url,
        m1_0.rating,
        m1_0.release_date,
        m1_0.trailer_url,
        m1_0.updated_at 
    from
        movies m1_0 
    where
        m1_0.id=?
Hibernate: 
    select
        m1_0.id,
        m1_0.cast,
        m1_0.created_at,
        m1_0.description,
        m1_0.director,
        m1_0.duration,
        m1_0.genre,
        m1_0.language,
        m1_0.movie_name,
        m1_0.now_showing,
        m1_0.poster_url,
        m1_0.rating,
        m1_0.release_date,
        m1_0.trailer_url,
        m1_0.updated_at 
    from
        movies m1_0 
    where
        m1_0.id=?
Hibernate: 
    select
        m1_0.id,
        m1_0.cast,
        m1_0.created_at,
        m1_0.description,
        m1_0.director,
        m1_0.duration,
        m1_0.genre,
        m1_0.language,
        m1_0.movie_name,
        m1_0.now_showing,
        m1_0.poster_url,
        m1_0.rating,
        m1_0.release_date,
        m1_0.trailer_url,
        m1_0.updated_at 
    from
        movies m1_0 
    where
        m1_0.id=?
Hibernate: 
    select
        m1_0.id,
        m1_0.cast,
        m1_0.created_at,
        m1_0.description,
        m1_0.director,
        m1_0.duration,
        m1_0.genre,
        m1_0.language,
        m1_0.movie_name,
        m1_0.now_showing,
        m1_0.poster_url,
        m1_0.rating,
        m1_0.release_date,
        m1_0.trailer_url,
        m1_0.updated_at 
    from
        movies m1_0 
    where
        m1_0.id=?
Hibernate: 
    select
        m1_0.id,
        m1_0.cast,
        m1_0.created_at,
        m1_0.description,
        m1_0.director,
        m1_0.duration,
        m1_0.genre,
        m1_0.language,
        m1_0.movie_name,
        m1_0.now_showing,
        m1_0.poster_url,
        m1_0.rating,
        m1_0.release_date,
        m1_0.trailer_url,
        m1_0.updated_at 
    from
        movies m1_0 
    where
        m1_0.id=?
Hibernate: 
    select
        m1_0.id,
        m1_0.cast,
        m1_0.created_at,
        m1_0.description,
        m1_0.director,
        m1_0.duration,
        m1_0.genre,
        m1_0.language,
        m1_0.movie_name,
        m1_0.now_showing,
        m1_0.poster_url,
        m1_0.rating,
        m1_0.release_date,
        m1_0.trailer_url,
        m1_0.updated_at 
    from
        movies m1_0 
    where
        m1_0.id=?
Hibernate: 
    select
        m1_0.id,
        m1_0.cast,
        m1_0.created_at,
        m1_0.description,
        m1_0.director,
        m1_0.duration,
        m1_0.genre,
        m1_0.language,
        m1_0.movie_name,
        m1_0.now_showing,
        m1_0.poster_url,
        m1_0.rating,
        m1_0.release_date,
        m1_0.trailer_url,
        m1_0.updated_at 
    from
        movies m1_0 
    where
        m1_0.id=?
Hibernate: 
    select
        m1_0.id,
        m1_0.cast,
        m1_0.created_at,
        m1_0.description,
        m1_0.director,
        m1_0.duration,
        m1_0.genre,
        m1_0.language,
        m1_0.movie_name,
        m1_0.now_showing,
        m1_0.poster_url,
        m1_0.rating,
        m1_0.release_date,
        m1_0.trailer_url,
        m1_0.updated_at 
    from
        movies m1_0 
    where
        m1_0.id=?
Hibernate: 
    select
        m1_0.id,
        m1_0.cast,
        m1_0.created_at,
        m1_0.description,
        m1_0.director,
        m1_0.duration,
        m1_0.genre,
        m1_0.language,
        m1_0.movie_name,
        m1_0.now_showing,
        m1_0.poster_url,
        m1_0.rating,
        m1_0.release_date,
        m1_0.trailer_url,
        m1_0.updated_at 
    from
        movies m1_0 
    where
        m1_0.id=?
Hibernate: 
    select
        m1_0.id,
        m1_0.cast,
        m1_0.created_at,
        m1_0.description,
        m1_0.director,
        m1_0.duration,
        m1_0.genre,
        m1_0.language,
        m1_0.movie_name,
        m1_0.now_showing,
        m1_0.poster_url,
        m1_0.rating,
        m1_0.release_date,
        m1_0.trailer_url,
        m1_0.updated_at 
    from
        movies m1_0 
    where
        m1_0.id=?
[2m2026-01-07T11:40:23.144+05:30[0;39m [31mERROR[0;39m [35m13813[0;39m [2m---[0;39m [2m[nio-8080-exec-1][0;39m [36mc.d.b.Security.JwtAuthenticationFilter  [0;39m [2m:[0;39m Error extracting username from JWT: JWT signature does not match locally computed signature. JWT validity cannot be asserted and should not be trusted.
Hibernate: 
    select
        t1_0.id,
        t1_0.address,
        t1_0.city,
        t1_0.created_at,
        t1_0.name 
    from
        theaters t1_0
Hibernate: 
    select
        s1_0.show_id,
        s1_0.created_at,
        s1_0.date,
        s1_0.movie_id,
        s1_0.theater_id,
        s1_0.time 
    from
        shows s1_0
Hibernate: 
    select
        m1_0.id,
        m1_0.cast,
        m1_0.created_at,
        m1_0.description,
        m1_0.director,
        m1_0.duration,
        m1_0.genre,
        m1_0.language,
        m1_0.movie_name,
        m1_0.now_showing,
        m1_0.poster_url,
        m1_0.rating,
        m1_0.release_date,
        m1_0.trailer_url,
        m1_0.updated_at 
    from
        movies m1_0 
    where
        m1_0.id=?
Hibernate: 
    select
        m1_0.id,
        m1_0.cast,
        m1_0.created_at,
        m1_0.description,
        m1_0.director,
        m1_0.duration,
        m1_0.genre,
        m1_0.language,
        m1_0.movie_name,
        m1_0.now_showing,
        m1_0.poster_url,
        m1_0.rating,
        m1_0.release_date,
        m1_0.trailer_url,
        m1_0.updated_at 
    from
        movies m1_0 
    where
        m1_0.id=?
Hibernate: 
    select
        m1_0.id,
        m1_0.cast,
        m1_0.created_at,
        m1_0.description,
        m1_0.director,
        m1_0.duration,
        m1_0.genre,
        m1_0.language,
        m1_0.movie_name,
        m1_0.now_showing,
        m1_0.poster_url,
        m1_0.rating,
        m1_0.release_date,
        m1_0.trailer_url,
        m1_0.updated_at 
    from
        movies m1_0 
    where
        m1_0.id=?
Hibernate: 
    select
        m1_0.id,
        m1_0.cast,
        m1_0.created_at,
        m1_0.description,
        m1_0.director,
        m1_0.duration,
        m1_0.genre,
        m1_0.language,
        m1_0.movie_name,
        m1_0.now_showing,
        m1_0.poster_url,
        m1_0.rating,
        m1_0.release_date,
        m1_0.trailer_url,
        m1_0.updated_at 
    from
        movies m1_0 
    where
        m1_0.id=?
Hibernate: 
    select
        m1_0.id,
        m1_0.cast,
        m1_0.created_at,
        m1_0.description,
        m1_0.director,
        m1_0.duration,
        m1_0.genre,
        m1_0.language,
        m1_0.movie_name,
        m1_0.now_showing,
        m1_0.poster_url,
        m1_0.rating,
        m1_0.release_date,
        m1_0.trailer_url,
        m1_0.updated_at 
    from
        movies m1_0 
    where
        m1_0.id=?
Hibernate: 
    select
        m1_0.id,
        m1_0.cast,
        m1_0.created_at,
        m1_0.description,
        m1_0.director,
        m1_0.duration,
        m1_0.genre,
        m1_0.language,
        m1_0.movie_name,
        m1_0.now_showing,
        m1_0.poster_url,
        m1_0.rating,
        m1_0.release_date,
        m1_0.trailer_url,
        m1_0.updated_at 
    from
        movies m1_0 
    where
        m1_0.id=?
Hibernate: 
    select
        m1_0.id,
        m1_0.cast,
        m1_0.created_at,
        m1_0.description,
        m1_0.director,
        m1_0.duration,
        m1_0.genre,
        m1_0.language,
        m1_0.movie_name,
        m1_0.now_showing,
        m1_0.poster_url,
        m1_0.rating,
        m1_0.release_date,
        m1_0.trailer_url,
        m1_0.updated_at 
    from
        movies m1_0 
    where
        m1_0.id=?
Hibernate: 
    select
        m1_0.id,
        m1_0.cast,
        m1_0.created_at,
        m1_0.description,
        m1_0.director,
        m1_0.duration,
        m1_0.genre,
        m1_0.language,
        m1_0.movie_name,
        m1_0.now_showing,
        m1_0.poster_url,
        m1_0.rating,
        m1_0.release_date,
        m1_0.trailer_url,
        m1_0.updated_at 
    from
        movies m1_0 
    where
        m1_0.id=?
Hibernate: 
    select
        m1_0.id,
        m1_0.cast,
        m1_0.created_at,
        m1_0.description,
        m1_0.director,
        m1_0.duration,
        m1_0.genre,
        m1_0.language,
        m1_0.movie_name,
        m1_0.now_showing,
        m1_0.poster_url,
        m1_0.rating,
        m1_0.release_date,
        m1_0.trailer_url,
        m1_0.updated_at 
    from
        movies m1_0 
    where
        m1_0.id=?
Hibernate: 
    select
        m1_0.id,
        m1_0.cast,
        m1_0.created_at,
        m1_0.description,
        m1_0.director,
        m1_0.duration,
        m1_0.genre,
        m1_0.language,
        m1_0.movie_name,
        m1_0.now_showing,
        m1_0.poster_url,
        m1_0.rating,
        m1_0.release_date,
        m1_0.trailer_url,
        m1_0.updated_at 
    from
        movies m1_0 
    where
        m1_0.id=?
Hibernate: 
    select
        m1_0.id,
        m1_0.cast,
        m1_0.created_at,
        m1_0.description,
        m1_0.director,
        m1_0.duration,
        m1_0.genre,
        m1_0.language,
        m1_0.movie_name,
        m1_0.now_showing,
        m1_0.poster_url,
        m1_0.rating,
        m1_0.release_date,
        m1_0.trailer_url,
        m1_0.updated_at 
    from
        movies m1_0 
    where
        m1_0.id=?
Hibernate: 
    select
        m1_0.id,
        m1_0.cast,
        m1_0.created_at,
        m1_0.description,
        m1_0.director,
        m1_0.duration,
        m1_0.genre,
        m1_0.language,
        m1_0.movie_name,
        m1_0.now_showing,
        m1_0.poster_url,
        m1_0.rating,
        m1_0.release_date,
        m1_0.trailer_url,
        m1_0.updated_at 
    from
        movies m1_0 
    where
        m1_0.id=?
Hibernate: 
    select
        m1_0.id,
        m1_0.cast,
        m1_0.created_at,
        m1_0.description,
        m1_0.director,
        m1_0.duration,
        m1_0.genre,
        m1_0.language,
        m1_0.movie_name,
        m1_0.now_showing,
        m1_0.poster_url,
        m1_0.rating,
        m1_0.release_date,
        m1_0.trailer_url,
        m1_0.updated_at 
    from
        movies m1_0 
    where
        m1_0.id=?
Hibernate: 
    select
        m1_0.id,
        m1_0.cast,
        m1_0.created_at,
        m1_0.description,
        m1_0.director,
        m1_0.duration,
        m1_0.genre,
        m1_0.language,
        m1_0.movie_name,
        m1_0.now_showing,
        m1_0.poster_url,
        m1_0.rating,
        m1_0.release_date,
        m1_0.trailer_url,
        m1_0.updated_at 
    from
        movies m1_0 
    where
        m1_0.id=?
Hibernate: 
    select
        m1_0.id,
        m1_0.cast,
        m1_0.created_at,
        m1_0.description,
        m1_0.director,
        m1_0.duration,
        m1_0.genre,
        m1_0.language,
        m1_0.movie_name,
        m1_0.now_showing,
        m1_0.poster_url,
        m1_0.rating,
        m1_0.release_date,
        m1_0.trailer_url,
        m1_0.updated_at 
    from
        movies m1_0 
    where
        m1_0.id=?
Hibernate: 
    select
        m1_0.id,
        m1_0.cast,
        m1_0.created_at,
        m1_0.description,
        m1_0.director,
        m1_0.duration,
        m1_0.genre,
        m1_0.language,
        m1_0.movie_name,
        m1_0.now_showing,
        m1_0.poster_url,
        m1_0.rating,
        m1_0.release_date,
        m1_0.trailer_url,
        m1_0.updated_at 
    from
        movies m1_0 
    where
        m1_0.id=?
Hibernate: 
    select
        m1_0.id,
        m1_0.cast,
        m1_0.created_at,
        m1_0.description,
        m1_0.director,
        m1_0.duration,
        m1_0.genre,
        m1_0.language,
        m1_0.movie_name,
        m1_0.now_showing,
        m1_0.poster_url,
        m1_0.rating,
        m1_0.release_date,
        m1_0.trailer_url,
        m1_0.updated_at 
    from
        movies m1_0 
    where
        m1_0.id=?
Hibernate: 
    select
        m1_0.id,
        m1_0.cast,
        m1_0.created_at,
        m1_0.description,
        m1_0.director,
        m1_0.duration,
        m1_0.genre,
        m1_0.language,
        m1_0.movie_name,
        m1_0.now_showing,
        m1_0.poster_url,
        m1_0.rating,
        m1_0.release_date,
        m1_0.trailer_url,
        m1_0.updated_at 
    from
        movies m1_0 
    where
        m1_0.id=?
Hibernate: 
    select
        m1_0.id,
        m1_0.cast,
        m1_0.created_at,
        m1_0.description,
        m1_0.director,
        m1_0.duration,
        m1_0.genre,
        m1_0.language,
        m1_0.movie_name,
        m1_0.now_showing,
        m1_0.poster_url,
        m1_0.rating,
        m1_0.release_date,
        m1_0.trailer_url,
        m1_0.updated_at 
    from
        movies m1_0 
    where
        m1_0.id=?
Hibernate: 
    select
        m1_0.id,
        m1_0.cast,
        m1_0.created_at,
        m1_0.description,
        m1_0.director,
        m1_0.duration,
        m1_0.genre,
        m1_0.language,
        m1_0.movie_name,
        m1_0.now_showing,
        m1_0.poster_url,
        m1_0.rating,
        m1_0.release_date,
        m1_0.trailer_url,
        m1_0.updated_at 
    from
        movies m1_0 
    where
        m1_0.id=?
Hibernate: 
    update
        seat_locks 
    set
        status='RELEASED' 
    where
        status='LOCKED' 
        and expiry_time<=?
Hibernate: 
    select
        m1_0.id,
        m1_0.cast,
        m1_0.created_at,
        m1_0.description,
        m1_0.director,
        m1_0.duration,
        m1_0.genre,
        m1_0.language,
        m1_0.movie_name,
        m1_0.now_showing,
        m1_0.poster_url,
        m1_0.rating,
        m1_0.release_date,
        m1_0.trailer_url,
        m1_0.updated_at 
    from
        movies m1_0
Hibernate: 
    select
        t1_0.id,
        t1_0.address,
        t1_0.city,
        t1_0.created_at,
        t1_0.name 
    from
        theaters t1_0
Hibernate: 
    select
        s1_0.show_id,
        s1_0.created_at,
        s1_0.date,
        s1_0.movie_id,
        s1_0.theater_id,
        s1_0.time 
    from
        shows s1_0
Hibernate: 
    select
        m1_0.id,
        m1_0.cast,
        m1_0.created_at,
        m1_0.description,
        m1_0.director,
        m1_0.duration,
        m1_0.genre,
        m1_0.language,
        m1_0.movie_name,
        m1_0.now_showing,
        m1_0.poster_url,
        m1_0.rating,
        m1_0.release_date,
        m1_0.trailer_url,
        m1_0.updated_at 
    from
        movies m1_0 
    where
        m1_0.id=?
Hibernate: 
    select
        m1_0.id,
        m1_0.cast,
        m1_0.created_at,
        m1_0.description,
        m1_0.director,
        m1_0.duration,
        m1_0.genre,
        m1_0.language,
        m1_0.movie_name,
        m1_0.now_showing,
        m1_0.poster_url,
        m1_0.rating,
        m1_0.release_date,
        m1_0.trailer_url,
        m1_0.updated_at 
    from
        movies m1_0 
    where
        m1_0.id=?
Hibernate: 
    select
        m1_0.id,
        m1_0.cast,
        m1_0.created_at,
        m1_0.description,
        m1_0.director,
        m1_0.duration,
        m1_0.genre,
        m1_0.language,
        m1_0.movie_name,
        m1_0.now_showing,
        m1_0.poster_url,
        m1_0.rating,
        m1_0.release_date,
        m1_0.trailer_url,
        m1_0.updated_at 
    from
        movies m1_0
Hibernate: 
    select
        m1_0.id,
        m1_0.cast,
        m1_0.created_at,
        m1_0.description,
        m1_0.director,
        m1_0.duration,
        m1_0.genre,
        m1_0.language,
        m1_0.movie_name,
        m1_0.now_showing,
        m1_0.poster_url,
        m1_0.rating,
        m1_0.release_date,
        m1_0.trailer_url,
        m1_0.updated_at 
    from
        movies m1_0 
    where
        m1_0.id=?
Hibernate: 
    select
        m1_0.id,
        m1_0.cast,
        m1_0.created_at,
        m1_0.description,
        m1_0.director,
        m1_0.duration,
        m1_0.genre,
        m1_0.language,
        m1_0.movie_name,
        m1_0.now_showing,
        m1_0.poster_url,
        m1_0.rating,
        m1_0.release_date,
        m1_0.trailer_url,
        m1_0.updated_at 
    from
        movies m1_0 
    where
        m1_0.id=?
Hibernate: 
    select
        m1_0.id,
        m1_0.cast,
        m1_0.created_at,
        m1_0.description,
        m1_0.director,
        m1_0.duration,
        m1_0.genre,
        m1_0.language,
        m1_0.movie_name,
        m1_0.now_showing,
        m1_0.poster_url,
        m1_0.rating,
        m1_0.release_date,
        m1_0.trailer_url,
        m1_0.updated_at 
    from
        movies m1_0 
    where
        m1_0.id=?
Hibernate: 
    select
        m1_0.id,
        m1_0.cast,
        m1_0.created_at,
        m1_0.description,
        m1_0.director,
        m1_0.duration,
        m1_0.genre,
        m1_0.language,
        m1_0.movie_name,
        m1_0.now_showing,
        m1_0.poster_url,
        m1_0.rating,
        m1_0.release_date,
        m1_0.trailer_url,
        m1_0.updated_at 
    from
        movies m1_0 
    where
        m1_0.id=?
Hibernate: 
    select
        m1_0.id,
        m1_0.cast,
        m1_0.created_at,
        m1_0.description,
        m1_0.director,
        m1_0.duration,
        m1_0.genre,
        m1_0.language,
        m1_0.movie_name,
        m1_0.now_showing,
        m1_0.poster_url,
        m1_0.rating,
        m1_0.release_date,
        m1_0.trailer_url,
        m1_0.updated_at 
    from
        movies m1_0 
    where
        m1_0.id=?
Hibernate: 
    select
        m1_0.id,
        m1_0.cast,
        m1_0.created_at,
        m1_0.description,
        m1_0.director,
        m1_0.duration,
        m1_0.genre,
        m1_0.language,
        m1_0.movie_name,
        m1_0.now_showing,
        m1_0.poster_url,
        m1_0.rating,
        m1_0.release_date,
        m1_0.trailer_url,
        m1_0.updated_at 
    from
        movies m1_0 
    where
        m1_0.id=?
Hibernate: 
    select
        m1_0.id,
        m1_0.cast,
        m1_0.created_at,
        m1_0.description,
        m1_0.director,
        m1_0.duration,
        m1_0.genre,
        m1_0.language,
        m1_0.movie_name,
        m1_0.now_showing,
        m1_0.poster_url,
        m1_0.rating,
        m1_0.release_date,
        m1_0.trailer_url,
        m1_0.updated_at 
    from
        movies m1_0 
    where
        m1_0.id=?
Hibernate: 
    select
        m1_0.id,
        m1_0.cast,
        m1_0.created_at,
        m1_0.description,
        m1_0.director,
        m1_0.duration,
        m1_0.genre,
        m1_0.language,
        m1_0.movie_name,
        m1_0.now_showing,
        m1_0.poster_url,
        m1_0.rating,
        m1_0.release_date,
        m1_0.trailer_url,
        m1_0.updated_at 
    from
        movies m1_0 
    where
        m1_0.id=?
Hibernate: 
    select
        m1_0.id,
        m1_0.cast,
        m1_0.created_at,
        m1_0.description,
        m1_0.director,
        m1_0.duration,
        m1_0.genre,
        m1_0.language,
        m1_0.movie_name,
        m1_0.now_showing,
        m1_0.poster_url,
        m1_0.rating,
        m1_0.release_date,
        m1_0.trailer_url,
        m1_0.updated_at 
    from
        movies m1_0 
    where
        m1_0.id=?
Hibernate: 
    select
        m1_0.id,
        m1_0.cast,
        m1_0.created_at,
        m1_0.description,
        m1_0.director,
        m1_0.duration,
        m1_0.genre,
        m1_0.language,
        m1_0.movie_name,
        m1_0.now_showing,
        m1_0.poster_url,
        m1_0.rating,
        m1_0.release_date,
        m1_0.trailer_url,
        m1_0.updated_at 
    from
        movies m1_0 
    where
        m1_0.id=?
Hibernate: 
    select
        m1_0.id,
        m1_0.cast,
        m1_0.created_at,
        m1_0.description,
        m1_0.director,
        m1_0.duration,
        m1_0.genre,
        m1_0.language,
        m1_0.movie_name,
        m1_0.now_showing,
        m1_0.poster_url,
        m1_0.rating,
        m1_0.release_date,
        m1_0.trailer_url,
        m1_0.updated_at 
    from
        movies m1_0 
    where
        m1_0.id=?
Hibernate: 
    select
        m1_0.id,
        m1_0.cast,
        m1_0.created_at,
        m1_0.description,
        m1_0.director,
        m1_0.duration,
        m1_0.genre,
        m1_0.language,
        m1_0.movie_name,
        m1_0.now_showing,
        m1_0.poster_url,
        m1_0.rating,
        m1_0.release_date,
        m1_0.trailer_url,
        m1_0.updated_at 
    from
        movies m1_0 
    where
        m1_0.id=?
Hibernate: 
    select
        m1_0.id,
        m1_0.cast,
        m1_0.created_at,
        m1_0.description,
        m1_0.director,
        m1_0.duration,
        m1_0.genre,
        m1_0.language,
        m1_0.movie_name,
        m1_0.now_showing,
        m1_0.poster_url,
        m1_0.rating,
        m1_0.release_date,
        m1_0.trailer_url,
        m1_0.updated_at 
    from
        movies m1_0 
    where
        m1_0.id=?
Hibernate: 
    select
        m1_0.id,
        m1_0.cast,
        m1_0.created_at,
        m1_0.description,
        m1_0.director,
        m1_0.duration,
        m1_0.genre,
        m1_0.language,
        m1_0.movie_name,
        m1_0.now_showing,
        m1_0.poster_url,
        m1_0.rating,
        m1_0.release_date,
        m1_0.trailer_url,
        m1_0.updated_at 
    from
        movies m1_0 
    where
        m1_0.id=?
Hibernate: 
    select
        m1_0.id,
        m1_0.cast,
        m1_0.created_at,
        m1_0.description,
        m1_0.director,
        m1_0.duration,
        m1_0.genre,
        m1_0.language,
        m1_0.movie_name,
        m1_0.now_showing,
        m1_0.poster_url,
        m1_0.rating,
        m1_0.release_date,
        m1_0.trailer_url,
        m1_0.updated_at 
    from
        movies m1_0 
    where
        m1_0.id=?
Hibernate: 
    select
        m1_0.id,
        m1_0.cast,
        m1_0.created_at,
        m1_0.description,
        m1_0.director,
        m1_0.duration,
        m1_0.genre,
        m1_0.language,
        m1_0.movie_name,
        m1_0.now_showing,
        m1_0.poster_url,
        m1_0.rating,
        m1_0.release_date,
        m1_0.trailer_url,
        m1_0.updated_at 
    from
        movies m1_0 
    where
        m1_0.id=?
Hibernate: 
    select
        m1_0.id,
        m1_0.cast,
        m1_0.created_at,
        m1_0.description,
        m1_0.director,
        m1_0.duration,
        m1_0.genre,
        m1_0.language,
        m1_0.movie_name,
        m1_0.now_showing,
        m1_0.poster_url,
        m1_0.rating,
        m1_0.release_date,
        m1_0.trailer_url,
        m1_0.updated_at 
    from
        movies m1_0 
    where
        m1_0.id=?
Hibernate: 
    select
        m1_0.id,
        m1_0.cast,
        m1_0.created_at,
        m1_0.description,
        m1_0.director,
        m1_0.duration,
        m1_0.genre,
        m1_0.language,
        m1_0.movie_name,
        m1_0.now_showing,
        m1_0.poster_url,
        m1_0.rating,
        m1_0.release_date,
        m1_0.trailer_url,
        m1_0.updated_at 
    from
        movies m1_0 
    where
        m1_0.id=?
Hibernate: 
    select
        t1_0.id,
        t1_0.address,
        t1_0.city,
        t1_0.created_at,
        t1_0.name 
    from
        theaters t1_0
Hibernate: 
    select
        s1_0.show_id,
        s1_0.created_at,
        s1_0.date,
        s1_0.movie_id,
        s1_0.theater_id,
        s1_0.time 
    from
        shows s1_0
Hibernate: 
    select
        m1_0.id,
        m1_0.cast,
        m1_0.created_at,
        m1_0.description,
        m1_0.director,
        m1_0.duration,
        m1_0.genre,
        m1_0.language,
        m1_0.movie_name,
        m1_0.now_showing,
        m1_0.poster_url,
        m1_0.rating,
        m1_0.release_date,
        m1_0.trailer_url,
        m1_0.updated_at 
    from
        movies m1_0 
    where
        m1_0.id=?
Hibernate: 
    select
        m1_0.id,
        m1_0.cast,
        m1_0.created_at,
        m1_0.description,
        m1_0.director,
        m1_0.duration,
        m1_0.genre,
        m1_0.language,
        m1_0.movie_name,
        m1_0.now_showing,
        m1_0.poster_url,
        m1_0.rating,
        m1_0.release_date,
        m1_0.trailer_url,
        m1_0.updated_at 
    from
        movies m1_0 
    where
        m1_0.id=?
Hibernate: 
    select
        m1_0.id,
        m1_0.cast,
        m1_0.created_at,
        m1_0.description,
        m1_0.director,
        m1_0.duration,
        m1_0.genre,
        m1_0.language,
        m1_0.movie_name,
        m1_0.now_showing,
        m1_0.poster_url,
        m1_0.rating,
        m1_0.release_date,
        m1_0.trailer_url,
        m1_0.updated_at 
    from
        movies m1_0 
    where
        m1_0.id=?
Hibernate: 
    select
        m1_0.id,
        m1_0.cast,
        m1_0.created_at,
        m1_0.description,
        m1_0.director,
        m1_0.duration,
        m1_0.genre,
        m1_0.language,
        m1_0.movie_name,
        m1_0.now_showing,
        m1_0.poster_url,
        m1_0.rating,
        m1_0.release_date,
        m1_0.trailer_url,
        m1_0.updated_at 
    from
        movies m1_0 
    where
        m1_0.id=?
Hibernate: 
    select
        m1_0.id,
        m1_0.cast,
        m1_0.created_at,
        m1_0.description,
        m1_0.director,
        m1_0.duration,
        m1_0.genre,
        m1_0.language,
        m1_0.movie_name,
        m1_0.now_showing,
        m1_0.poster_url,
        m1_0.rating,
        m1_0.release_date,
        m1_0.trailer_url,
        m1_0.updated_at 
    from
        movies m1_0 
    where
        m1_0.id=?
Hibernate: 
    select
        m1_0.id,
        m1_0.cast,
        m1_0.created_at,
        m1_0.description,
        m1_0.director,
        m1_0.duration,
        m1_0.genre,
        m1_0.language,
        m1_0.movie_name,
        m1_0.now_showing,
        m1_0.poster_url,
        m1_0.rating,
        m1_0.release_date,
        m1_0.trailer_url,
        m1_0.updated_at 
    from
        movies m1_0 
    where
        m1_0.id=?
Hibernate: 
    select
        m1_0.id,
        m1_0.cast,
        m1_0.created_at,
        m1_0.description,
        m1_0.director,
        m1_0.duration,
        m1_0.genre,
        m1_0.language,
        m1_0.movie_name,
        m1_0.now_showing,
        m1_0.poster_url,
        m1_0.rating,
        m1_0.release_date,
        m1_0.trailer_url,
        m1_0.updated_at 
    from
        movies m1_0 
    where
        m1_0.id=?
Hibernate: 
    select
        m1_0.id,
        m1_0.cast,
        m1_0.created_at,
        m1_0.description,
        m1_0.director,
        m1_0.duration,
        m1_0.genre,
        m1_0.language,
        m1_0.movie_name,
        m1_0.now_showing,
        m1_0.poster_url,
        m1_0.rating,
        m1_0.release_date,
        m1_0.trailer_url,
        m1_0.updated_at 
    from
        movies m1_0 
    where
        m1_0.id=?
Hibernate: 
    select
        m1_0.id,
        m1_0.cast,
        m1_0.created_at,
        m1_0.description,
        m1_0.director,
        m1_0.duration,
        m1_0.genre,
        m1_0.language,
        m1_0.movie_name,
        m1_0.now_showing,
        m1_0.poster_url,
        m1_0.rating,
        m1_0.release_date,
        m1_0.trailer_url,
        m1_0.updated_at 
    from
        movies m1_0 
    where
        m1_0.id=?
Hibernate: 
    select
        m1_0.id,
        m1_0.cast,
        m1_0.created_at,
        m1_0.description,
        m1_0.director,
        m1_0.duration,
        m1_0.genre,
        m1_0.language,
        m1_0.movie_name,
        m1_0.now_showing,
        m1_0.poster_url,
        m1_0.rating,
        m1_0.release_date,
        m1_0.trailer_url,
        m1_0.updated_at 
    from
        movies m1_0 
    where
        m1_0.id=?
Hibernate: 
    select
        m1_0.id,
        m1_0.cast,
        m1_0.created_at,
        m1_0.description,
        m1_0.director,
        m1_0.duration,
        m1_0.genre,
        m1_0.language,
        m1_0.movie_name,
        m1_0.now_showing,
        m1_0.poster_url,
        m1_0.rating,
        m1_0.release_date,
        m1_0.trailer_url,
        m1_0.updated_at 
    from
        movies m1_0 
    where
        m1_0.id=?
Hibernate: 
    select
        m1_0.id,
        m1_0.cast,
        m1_0.created_at,
        m1_0.description,
        m1_0.director,
        m1_0.duration,
        m1_0.genre,
        m1_0.language,
        m1_0.movie_name,
        m1_0.now_showing,
        m1_0.poster_url,
        m1_0.rating,
        m1_0.release_date,
        m1_0.trailer_url,
        m1_0.updated_at 
    from
        movies m1_0 
    where
        m1_0.id=?
Hibernate: 
    select
        m1_0.id,
        m1_0.cast,
        m1_0.created_at,
        m1_0.description,
        m1_0.director,
        m1_0.duration,
        m1_0.genre,
        m1_0.language,
        m1_0.movie_name,
        m1_0.now_showing,
        m1_0.poster_url,
        m1_0.rating,
        m1_0.release_date,
        m1_0.trailer_url,
        m1_0.updated_at 
    from
        movies m1_0 
    where
        m1_0.id=?
Hibernate: 
    select
        m1_0.id,
        m1_0.cast,
        m1_0.created_at,
        m1_0.description,
        m1_0.director,
        m1_0.duration,
        m1_0.genre,
        m1_0.language,
        m1_0.movie_name,
        m1_0.now_showing,
        m1_0.poster_url,
        m1_0.rating,
        m1_0.release_date,
        m1_0.trailer_url,
        m1_0.updated_at 
    from
        movies m1_0 
    where
        m1_0.id=?
Hibernate: 
    select
        m1_0.id,
        m1_0.cast,
        m1_0.created_at,
        m1_0.description,
        m1_0.director,
        m1_0.duration,
        m1_0.genre,
        m1_0.language,
        m1_0.movie_name,
        m1_0.now_showing,
        m1_0.poster_url,
        m1_0.rating,
        m1_0.release_date,
        m1_0.trailer_url,
        m1_0.updated_at 
    from
        movies m1_0 
    where
        m1_0.id=?
Hibernate: 
    select
        m1_0.id,
        m1_0.cast,
        m1_0.created_at,
        m1_0.description,
        m1_0.director,
        m1_0.duration,
        m1_0.genre,
        m1_0.language,
        m1_0.movie_name,
        m1_0.now_showing,
        m1_0.poster_url,
        m1_0.rating,
        m1_0.release_date,
        m1_0.trailer_url,
        m1_0.updated_at 
    from
        movies m1_0 
    where
        m1_0.id=?
Hibernate: 
    select
        m1_0.id,
        m1_0.cast,
        m1_0.created_at,
        m1_0.description,
        m1_0.director,
        m1_0.duration,
        m1_0.genre,
        m1_0.language,
        m1_0.movie_name,
        m1_0.now_showing,
        m1_0.poster_url,
        m1_0.rating,
        m1_0.release_date,
        m1_0.trailer_url,
        m1_0.updated_at 
    from
        movies m1_0 
    where
        m1_0.id=?
Hibernate: 
    select
        m1_0.id,
        m1_0.cast,
        m1_0.created_at,
        m1_0.description,
        m1_0.director,
        m1_0.duration,
        m1_0.genre,
        m1_0.language,
        m1_0.movie_name,
        m1_0.now_showing,
        m1_0.poster_url,
        m1_0.rating,
        m1_0.release_date,
        m1_0.trailer_url,
        m1_0.updated_at 
    from
        movies m1_0 
    where
        m1_0.id=?
Hibernate: 
    select
        m1_0.id,
        m1_0.cast,
        m1_0.created_at,
        m1_0.description,
        m1_0.director,
        m1_0.duration,
        m1_0.genre,
        m1_0.language,
        m1_0.movie_name,
        m1_0.now_showing,
        m1_0.poster_url,
        m1_0.rating,
        m1_0.release_date,
        m1_0.trailer_url,
        m1_0.updated_at 
    from
        movies m1_0 
    where
        m1_0.id=?
Hibernate: 
    select
        m1_0.id,
        m1_0.cast,
        m1_0.created_at,
        m1_0.description,
        m1_0.director,
        m1_0.duration,
        m1_0.genre,
        m1_0.language,
        m1_0.movie_name,
        m1_0.now_showing,
        m1_0.poster_url,
        m1_0.rating,
        m1_0.release_date,
        m1_0.trailer_url,
        m1_0.updated_at 
    from
        movies m1_0 
    where
        m1_0.id=?
Hibernate: 
    select
        u1_0.id,
        u1_0.address,
        u1_0.age,
        u1_0.created_at,
        u1_0.email_id,
        u1_0.gender,
        u1_0.is_active,
        u1_0.mobile_no,
        u1_0.name,
        u1_0.password,
        u1_0.role,
        u1_0.updated_at,
        u1_0.wallet_balance 
    from
        users u1_0 
    where
        u1_0.email_id=?
Hibernate: 
    select
        u1_0.id,
        u1_0.address,
        u1_0.age,
        u1_0.created_at,
        u1_0.email_id,
        u1_0.gender,
        u1_0.is_active,
        u1_0.mobile_no,
        u1_0.name,
        u1_0.password,
        u1_0.role,
        u1_0.updated_at,
        u1_0.wallet_balance 
    from
        users u1_0 
    where
        u1_0.email_id=?
Hibernate: 
    select
        u1_0.id,
        u1_0.address,
        u1_0.age,
        u1_0.created_at,
        u1_0.email_id,
        u1_0.gender,
        u1_0.is_active,
        u1_0.mobile_no,
        u1_0.name,
        u1_0.password,
        u1_0.role,
        u1_0.updated_at,
        u1_0.wallet_balance 
    from
        users u1_0 
    where
        u1_0.email_id=?
Hibernate: 
    select
        u1_0.id,
        u1_0.address,
        u1_0.age,
        u1_0.created_at,
        u1_0.email_id,
        u1_0.gender,
        u1_0.is_active,
        u1_0.mobile_no,
        u1_0.name,
        u1_0.password,
        u1_0.role,
        u1_0.updated_at,
        u1_0.wallet_balance 
    from
        users u1_0 
    where
        u1_0.email_id=?
Hibernate: 
    select
        u1_0.id,
        u1_0.address,
        u1_0.age,
        u1_0.created_at,
        u1_0.email_id,
        u1_0.gender,
        u1_0.is_active,
        u1_0.mobile_no,
        u1_0.name,
        u1_0.password,
        u1_0.role,
        u1_0.updated_at,
        u1_0.wallet_balance 
    from
        users u1_0 
    where
        u1_0.email_id=?
Hibernate: 
    insert 
    into
        users
        (address,age,created_at,email_id,gender,is_active,mobile_no,name,password,role,updated_at,wallet_balance) 
    values
        (?,?,?,?,?,?,?,?,?,?,?,?)
Hibernate: 
    select
        u1_0.id,
        u1_0.address,
        u1_0.age,
        u1_0.created_at,
        u1_0.email_id,
        u1_0.gender,
        u1_0.is_active,
        u1_0.mobile_no,
        u1_0.name,
        u1_0.password,
        u1_0.role,
        u1_0.updated_at,
        u1_0.wallet_balance 
    from
        users u1_0 
    where
        u1_0.email_id=?
Hibernate: 
    update
        seat_locks 
    set
        status='RELEASED' 
    where
        status='LOCKED' 
        and expiry_time<=?
Hibernate: 
    select
        p1_0.id,
        p1_0.amount_paid,
        p1_0.created_at,
        p1_0.entry_time,
        p1_0.exit_time,
        p1_0.movie_ticket_id,
        p1_0.parking_slot_id,
        p1_0.status,
        p1_0.ticket_number,
        p1_0.updated_at,
        p1_0.vehicle_number,
        p1_0.vehicle_type 
    from
        parking_tickets p1_0 
    where
        p1_0.status=? 
        and p1_0.created_at<?
Hibernate: 
    update
        seat_locks 
    set
        status='RELEASED' 
    where
        status='LOCKED' 
        and expiry_time<=?
Hibernate: 
    select
        u1_0.id,
        u1_0.address,
        u1_0.age,
        u1_0.created_at,
        u1_0.email_id,
        u1_0.gender,
        u1_0.is_active,
        u1_0.mobile_no,
        u1_0.name,
        u1_0.password,
        u1_0.role,
        u1_0.updated_at,
        u1_0.wallet_balance 
    from
        users u1_0 
    where
        u1_0.email_id=?
Hibernate: 
    insert 
    into
        users
        (address,age,created_at,email_id,gender,is_active,mobile_no,name,password,role,updated_at,wallet_balance) 
    values
        (?,?,?,?,?,?,?,?,?,?,?,?)
Hibernate: 
    select
        u1_0.id,
        u1_0.address,
        u1_0.age,
        u1_0.created_at,
        u1_0.email_id,
        u1_0.gender,
        u1_0.is_active,
        u1_0.mobile_no,
        u1_0.name,
        u1_0.password,
        u1_0.role,
        u1_0.updated_at,
        u1_0.wallet_balance 
    from
        users u1_0 
    where
        u1_0.email_id=?
Hibernate: 
    insert 
    into
        users
        (address,age,created_at,email_id,gender,is_active,mobile_no,name,password,role,updated_at,wallet_balance) 
    values
        (?,?,?,?,?,?,?,?,?,?,?,?)
Hibernate: 
    select
        u1_0.id,
        u1_0.address,
        u1_0.age,
        u1_0.created_at,
        u1_0.email_id,
        u1_0.gender,
        u1_0.is_active,
        u1_0.mobile_no,
        u1_0.name,
        u1_0.password,
        u1_0.role,
        u1_0.updated_at,
        u1_0.wallet_balance 
    from
        users u1_0 
    where
        u1_0.email_id=?
Hibernate: 
    insert 
    into
        users
        (address,age,created_at,email_id,gender,is_active,mobile_no,name,password,role,updated_at,wallet_balance) 
    values
        (?,?,?,?,?,?,?,?,?,?,?,?)
[2m2026-01-07T11:45:45.416+05:30[0;39m [32m INFO[0;39m [35m13813[0;39m [2m---[0;39m [2m[ionShutdownHook][0;39m [36mj.LocalContainerEntityManagerFactoryBean[0;39m [2m:[0;39m Closing JPA EntityManagerFactory for persistence unit 'default'
[2m2026-01-07T11:45:45.419+05:30[0;39m [32m INFO[0;39m [35m13813[0;39m [2m---[0;39m [2m[ionShutdownHook][0;39m [36mcom.zaxxer.hikari.HikariDataSource      [0;39m [2m:[0;39m HikariPool-1 - Shutdown initiated...
[2m2026-01-07T11:45:45.424+05:30[0;39m [32m INFO[0;39m [35m13813[0;39m [2m---[0;39m [2m[ionShutdownHook][0;39m [36mcom.zaxxer.hikari.HikariDataSource      [0;39m [2m:[0;39m HikariPool-1 - Shutdown completed.
[INFO] ------------------------------------------------------------------------
[INFO] BUILD FAILURE
[INFO] ------------------------------------------------------------------------
[INFO] Total time:  07:26 min
[INFO] Finished at: 2026-01-07T11:45:45+05:30
[INFO] ------------------------------------------------------------------------
[ERROR] Failed to execute goal org.springframework.boot:spring-boot-maven-plugin:3.1.0:run (default-cli) on project bookMyShow: Process terminated with exit code: 143 -> [Help 1]
[ERROR] 
[ERROR] To see the full stack trace of the errors, re-run Maven with the -e switch.
[ERROR] Re-run Maven using the -X switch to enable full debug logging.
[ERROR] 
[ERROR] For more information about the errors and possible solutions, please read the following articles:
[ERROR] [Help 1] http://cwiki.apache.org/confluence/display/MAVEN/MojoExecutionException
